Archive member included to satisfy reference by file (symbol)

/home/user/opt/riscv/lib/gcc/riscv64-unknown-elf/11.1.0/../../../../riscv64-unknown-elf/lib/rv32im/ilp32/libm.a(lib_a-s_modf.o)
                              /tmp/cch1x96U.o (modf)
/home/user/opt/riscv/lib/gcc/riscv64-unknown-elf/11.1.0/../../../../riscv64-unknown-elf/lib/rv32im/ilp32/libm.a(lib_a-s_fpclassify.o)
                              /home/user/opt/riscv/lib/gcc/riscv64-unknown-elf/11.1.0/../../../../riscv64-unknown-elf/lib/rv32im/ilp32/libm.a(lib_a-s_modf.o) (__fpclassifyd)
/home/user/opt/riscv/lib/gcc/riscv64-unknown-elf/11.1.0/rv32im/ilp32/libgcc.a(adddf3.o)
                              /tmp/cch1x96U.o (__adddf3)
/home/user/opt/riscv/lib/gcc/riscv64-unknown-elf/11.1.0/rv32im/ilp32/libgcc.a(divdf3.o)
                              /tmp/ccK1xD9S.o (__divdf3)
/home/user/opt/riscv/lib/gcc/riscv64-unknown-elf/11.1.0/rv32im/ilp32/libgcc.a(eqdf2.o)
                              /tmp/cch1x96U.o (__nedf2)
/home/user/opt/riscv/lib/gcc/riscv64-unknown-elf/11.1.0/rv32im/ilp32/libgcc.a(gedf2.o)
                              /tmp/ccK1xD9S.o (__gtdf2)
/home/user/opt/riscv/lib/gcc/riscv64-unknown-elf/11.1.0/rv32im/ilp32/libgcc.a(ledf2.o)
                              /tmp/ccK1xD9S.o (__ltdf2)
/home/user/opt/riscv/lib/gcc/riscv64-unknown-elf/11.1.0/rv32im/ilp32/libgcc.a(muldf3.o)
                              /tmp/cch1x96U.o (__muldf3)
/home/user/opt/riscv/lib/gcc/riscv64-unknown-elf/11.1.0/rv32im/ilp32/libgcc.a(subdf3.o)
                              /home/user/opt/riscv/lib/gcc/riscv64-unknown-elf/11.1.0/../../../../riscv64-unknown-elf/lib/rv32im/ilp32/libm.a(lib_a-s_modf.o) (__subdf3)
/home/user/opt/riscv/lib/gcc/riscv64-unknown-elf/11.1.0/rv32im/ilp32/libgcc.a(fixdfsi.o)
                              /tmp/cch1x96U.o (__fixdfsi)
/home/user/opt/riscv/lib/gcc/riscv64-unknown-elf/11.1.0/rv32im/ilp32/libgcc.a(fixunsdfsi.o)
                              /tmp/ccK1xD9S.o (__fixunsdfsi)
/home/user/opt/riscv/lib/gcc/riscv64-unknown-elf/11.1.0/rv32im/ilp32/libgcc.a(floatunsidf.o)
                              /tmp/ccK1xD9S.o (__floatunsidf)
/home/user/opt/riscv/lib/gcc/riscv64-unknown-elf/11.1.0/rv32im/ilp32/libgcc.a(divsf3.o)
                              /tmp/ccErWZeX.o (__divsf3)
/home/user/opt/riscv/lib/gcc/riscv64-unknown-elf/11.1.0/rv32im/ilp32/libgcc.a(floatunsisf.o)
                              /tmp/ccErWZeX.o (__floatunsisf)
/home/user/opt/riscv/lib/gcc/riscv64-unknown-elf/11.1.0/rv32im/ilp32/libgcc.a(extendsfdf2.o)
                              /tmp/ccErWZeX.o (__extendsfdf2)
/home/user/opt/riscv/lib/gcc/riscv64-unknown-elf/11.1.0/rv32im/ilp32/libgcc.a(_clzsi2.o)
                              /home/user/opt/riscv/lib/gcc/riscv64-unknown-elf/11.1.0/rv32im/ilp32/libgcc.a(adddf3.o) (__clzsi2)
/home/user/opt/riscv/lib/gcc/riscv64-unknown-elf/11.1.0/rv32im/ilp32/libgcc.a(_clz.o)
                              /home/user/opt/riscv/lib/gcc/riscv64-unknown-elf/11.1.0/rv32im/ilp32/libgcc.a(_clzsi2.o) (__clz_tab)

Memory Configuration

Name             Origin             Length             Attributes
ram              0x0000000000000000 0x00000000000f8000
stack            0x00000000000f8000 0x0000000000008000
*default*        0x0000000000000000 0xffffffffffffffff

Linker script and memory map

LOAD /tmp/ccJ50j9T.o
LOAD /tmp/ccK1xD9S.o
LOAD /tmp/ccar8OeW.o
LOAD /tmp/ccSqhYIV.o
LOAD /tmp/ccp5YpxX.o
LOAD /tmp/ccErWZeX.o
LOAD /tmp/ccY4XRQU.o
LOAD /tmp/cch1x96U.o
LOAD /tmp/ccRLcS8U.o
LOAD /tmp/ccMdqYsU.o
LOAD /home/user/opt/riscv/lib/gcc/riscv64-unknown-elf/11.1.0/../../../../riscv64-unknown-elf/lib/rv32im/ilp32/libm.a
LOAD /home/user/opt/riscv/lib/gcc/riscv64-unknown-elf/11.1.0/rv32im/ilp32/libgcc.a
                0x0000000000002000                _min_stack = 0x2000
                0x0000000000008000                _stack_len = LENGTH (stack)
                0x0000000000100000                _stack_start = (ORIGIN (stack) + LENGTH (stack))
                0x0000000000000080                _entry_point = (_vectors_start + 0x80)
                0x0000000000100020                tohost = (_stack_start + 0x20)
                0x0000000000100010                fromhost = (_stack_start + 0x10)

.vectors        0x0000000000000000       0x84
                0x0000000000000000                . = ALIGN (0x4)
                0x0000000000000000                _vectors_start = .
 *(.vectors)
 .vectors       0x0000000000000000       0x84 /tmp/ccRLcS8U.o
                0x0000000000000084                _vectors_end = .

.text           0x0000000000000090     0xc46a
                0x0000000000000090                . = ALIGN (0x4)
 *(.text)
 .text          0x0000000000000090     0x1022 /tmp/ccJ50j9T.o
                0x0000000000000090                calc_func
                0x0000000000000190                cmp_complex
                0x0000000000000340                cmp_idx
                0x00000000000003a0                copy_info
                0x00000000000003c0                core_bench_list
                0x00000000000009e0                core_list_init
                0x0000000000000e10                core_list_insert_new
                0x0000000000000e70                core_list_remove
                0x0000000000000e90                core_list_undo_remove
                0x0000000000000ea0                core_list_find
                0x0000000000000ee0                core_list_reverse
                0x0000000000000f60                core_list_mergesort
 *fill*         0x00000000000010b2        0xe 
 .text          0x00000000000010c0       0x70 /tmp/ccK1xD9S.o
                0x00000000000010c0                iterate
 .text          0x0000000000001130     0x2410 /tmp/ccar8OeW.o
                0x0000000000001130                matrix_test
                0x00000000000024e0                core_bench_matrix
                0x0000000000002510                core_init_matrix
                0x0000000000002890                matrix_sum
                0x0000000000002ca0                matrix_mul_const
                0x0000000000002e10                matrix_add_const
                0x0000000000003000                matrix_mul_vect
                0x00000000000031a0                matrix_mul_matrix
                0x0000000000003390                matrix_mul_matrix_bitextract
 *fill*         0x0000000000003540        0x0 
 .text          0x0000000000003540      0xa76 /tmp/ccSqhYIV.o
                0x0000000000003540                core_init_state
                0x00000000000037d0                core_state_transition
                0x0000000000003ac0                core_bench_state
 *fill*         0x0000000000003fb6        0xa 
 .text          0x0000000000003fc0      0xb10 /tmp/ccp5YpxX.o
                0x0000000000003fc0                get_seed_32
                0x0000000000004010                crcu8
                0x0000000000004140                crcu16
                0x00000000000043a0                crcu32
                0x0000000000004860                crc16
                0x0000000000004ac0                check_data_types
 *fill*         0x0000000000004ad0        0x0 
 .text          0x0000000000004ad0      0x212 /tmp/ccErWZeX.o
                0x0000000000004ad0                barebones_clock
                0x0000000000004ae0                pcount_read
                0x0000000000004b30                dump_pcounts
                0x0000000000004b90                start_time
                0x0000000000004bc0                stop_time
                0x0000000000004bd0                get_time
                0x0000000000004bf0                time_in_secs
                0x0000000000004c10                portable_init
                0x0000000000004c30                portable_fini
 *fill*         0x0000000000004ce2        0xe 
 .text          0x0000000000004cf0     0x2fc2 /tmp/ccY4XRQU.o
                0x0000000000005500                ee_printf
 *fill*         0x0000000000007cb2        0xe 
 .text          0x0000000000007cc0      0x912 /tmp/cch1x96U.o
                0x0000000000008590                ecvt
                0x00000000000085a0                ecvtbuf
                0x00000000000085b0                fcvt
                0x00000000000085c0                fcvtbuf
 .text          0x00000000000085d2       0x88 /tmp/ccRLcS8U.o
                0x0000000000008622                _start
 *fill*         0x000000000000865a        0x6 
 .text          0x0000000000008660      0xb72 /tmp/ccMdqYsU.o
                0x0000000000008660                putchar
                0x0000000000008670                puts
                0x00000000000086e0                puthex
                0x0000000000008870                sim_halt
                0x0000000000008880                pcount_reset
                0x0000000000008980                pcount_enable
                0x0000000000008990                get_mepc
                0x00000000000089a0                get_mcause
                0x00000000000089b0                get_mtval
                0x00000000000089c0                simple_exc_handler
                0x0000000000008f70                timer_enable
                0x0000000000009040                timer_disable
                0x0000000000009050                timer_read
                0x00000000000090c0                timecmp_update
                0x00000000000090d0                get_elapsed_time
                0x00000000000090e0                simple_timer_handler
 *fill*         0x00000000000091d2        0x2 
 .text          0x00000000000091d4      0x188 /home/user/opt/riscv/lib/gcc/riscv64-unknown-elf/11.1.0/../../../../riscv64-unknown-elf/lib/rv32im/ilp32/libm.a(lib_a-s_modf.o)
                0x00000000000091d4                modf
 .text          0x000000000000935c       0x74 /home/user/opt/riscv/lib/gcc/riscv64-unknown-elf/11.1.0/../../../../riscv64-unknown-elf/lib/rv32im/ilp32/libm.a(lib_a-s_fpclassify.o)
                0x000000000000935c                __fpclassifyd
 .text          0x00000000000093d0      0x7dc /home/user/opt/riscv/lib/gcc/riscv64-unknown-elf/11.1.0/rv32im/ilp32/libgcc.a(adddf3.o)
                0x00000000000093d0                __adddf3
 .text          0x0000000000009bac      0x6dc /home/user/opt/riscv/lib/gcc/riscv64-unknown-elf/11.1.0/rv32im/ilp32/libgcc.a(divdf3.o)
                0x0000000000009bac                __divdf3
 .text          0x000000000000a288       0x8c /home/user/opt/riscv/lib/gcc/riscv64-unknown-elf/11.1.0/rv32im/ilp32/libgcc.a(eqdf2.o)
                0x000000000000a288                __eqdf2
                0x000000000000a288                __nedf2
 .text          0x000000000000a314       0xe4 /home/user/opt/riscv/lib/gcc/riscv64-unknown-elf/11.1.0/rv32im/ilp32/libgcc.a(gedf2.o)
                0x000000000000a314                __gtdf2
                0x000000000000a314                __gedf2
 .text          0x000000000000a3f8       0xe4 /home/user/opt/riscv/lib/gcc/riscv64-unknown-elf/11.1.0/rv32im/ilp32/libgcc.a(ledf2.o)
                0x000000000000a3f8                __ltdf2
                0x000000000000a3f8                __ledf2
 .text          0x000000000000a4dc      0x60c /home/user/opt/riscv/lib/gcc/riscv64-unknown-elf/11.1.0/rv32im/ilp32/libgcc.a(muldf3.o)
                0x000000000000a4dc                __muldf3
 .text          0x000000000000aae8      0x7f0 /home/user/opt/riscv/lib/gcc/riscv64-unknown-elf/11.1.0/rv32im/ilp32/libgcc.a(subdf3.o)
                0x000000000000aae8                __subdf3
 .text          0x000000000000b2d8       0x80 /home/user/opt/riscv/lib/gcc/riscv64-unknown-elf/11.1.0/rv32im/ilp32/libgcc.a(fixdfsi.o)
                0x000000000000b2d8                __fixdfsi
 .text          0x000000000000b358       0x7c /home/user/opt/riscv/lib/gcc/riscv64-unknown-elf/11.1.0/rv32im/ilp32/libgcc.a(fixunsdfsi.o)
                0x000000000000b358                __fixunsdfsi
 .text          0x000000000000b3d4       0x80 /home/user/opt/riscv/lib/gcc/riscv64-unknown-elf/11.1.0/rv32im/ilp32/libgcc.a(floatunsidf.o)
                0x000000000000b3d4                __floatunsidf
 .text          0x000000000000b454      0x334 /home/user/opt/riscv/lib/gcc/riscv64-unknown-elf/11.1.0/rv32im/ilp32/libgcc.a(divsf3.o)
                0x000000000000b454                __divsf3
 .text          0x000000000000b788       0xd4 /home/user/opt/riscv/lib/gcc/riscv64-unknown-elf/11.1.0/rv32im/ilp32/libgcc.a(floatunsisf.o)
                0x000000000000b788                __floatunsisf
 .text          0x000000000000b85c       0xdc /home/user/opt/riscv/lib/gcc/riscv64-unknown-elf/11.1.0/rv32im/ilp32/libgcc.a(extendsfdf2.o)
                0x000000000000b85c                __extendsfdf2
 .text          0x000000000000b938       0x4c /home/user/opt/riscv/lib/gcc/riscv64-unknown-elf/11.1.0/rv32im/ilp32/libgcc.a(_clzsi2.o)
                0x000000000000b938                __clzsi2
 .text          0x000000000000b984        0x0 /home/user/opt/riscv/lib/gcc/riscv64-unknown-elf/11.1.0/rv32im/ilp32/libgcc.a(_clz.o)
 *(.text.*)
 *fill*         0x000000000000b984        0xc 
 .text.startup  0x000000000000b990      0xb6a /tmp/ccK1xD9S.o
                0x000000000000b990                main

.rodata         0x000000000000c500      0xa28
                0x000000000000c500                . = ALIGN (0x4)
 *(.srodata)
 .srodata       0x000000000000c500        0x4 /tmp/ccErWZeX.o
                0x000000000000c500                pcount_num
 *(.srodata.*)
 *fill*         0x000000000000c504        0x4 
 .srodata.cst8  0x000000000000c508        0x8 /tmp/ccK1xD9S.o
 .srodata.cst8  0x000000000000c510        0x8 /tmp/ccErWZeX.o
 .srodata.cst4  0x000000000000c518        0x4 /tmp/ccErWZeX.o
 *fill*         0x000000000000c51c        0x4 
 .srodata.cst8  0x000000000000c520       0x10 /tmp/cch1x96U.o
                                         0x18 (size before relaxing)
 *(.rodata)
 .rodata        0x000000000000c530       0x40 /tmp/ccSqhYIV.o
 .rodata        0x000000000000c570       0x18 /tmp/ccp5YpxX.o
 .rodata        0x000000000000c588      0x204 /tmp/ccY4XRQU.o
 .rodata        0x000000000000c78c       0x3c /home/user/opt/riscv/lib/gcc/riscv64-unknown-elf/11.1.0/rv32im/ilp32/libgcc.a(divdf3.o)
 .rodata        0x000000000000c7c8       0x3c /home/user/opt/riscv/lib/gcc/riscv64-unknown-elf/11.1.0/rv32im/ilp32/libgcc.a(divsf3.o)
 .rodata        0x000000000000c804      0x100 /home/user/opt/riscv/lib/gcc/riscv64-unknown-elf/11.1.0/rv32im/ilp32/libgcc.a(_clz.o)
                0x000000000000c804                __clz_tab
 *(.rodata.*)
 .rodata.str1.4
                0x000000000000c904      0x3d6 /tmp/ccK1xD9S.o
                                        0x3de (size before relaxing)
 *fill*         0x000000000000ccda        0x2 
 .rodata.str1.4
                0x000000000000ccdc       0xad /tmp/ccSqhYIV.o
 *fill*         0x000000000000cd89        0x3 
 .rodata.str1.4
                0x000000000000cd8c      0x100 /tmp/ccErWZeX.o
                                        0x104 (size before relaxing)
 .rodata.str1.4
                0x000000000000ce8c       0x57 /tmp/ccY4XRQU.o
 *fill*         0x000000000000cee3        0x1 
 .rodata.str1.4
                0x000000000000cee4       0x44 /tmp/ccMdqYsU.o

.rela.dyn       0x000000000000cf28        0x0
 .rela.text     0x000000000000cf28        0x0 /tmp/ccJ50j9T.o

.data           0x000000000000cf28       0x44
                0x000000000000cf28                . = ALIGN (0x4)
 *(.sdata)
 .sdata         0x000000000000cf28        0xc /tmp/ccErWZeX.o
                0x000000000000cf28                default_num_contexts
                0x000000000000cf2c                seed4_volatile
                0x000000000000cf30                seed3_volatile
 *(.sdata.*)
 *(.data)
 .data          0x000000000000cf34        0x0 /tmp/ccJ50j9T.o
 .data          0x000000000000cf34        0xc /tmp/ccK1xD9S.o
                0x000000000000cf34                mem_name
 .data          0x000000000000cf40        0x0 /tmp/ccar8OeW.o
 .data          0x000000000000cf40        0x0 /tmp/ccSqhYIV.o
 .data          0x000000000000cf40        0x0 /tmp/ccp5YpxX.o
 .data          0x000000000000cf40       0x2c /tmp/ccErWZeX.o
                0x000000000000cf40                pcount_names
 .data          0x000000000000cf6c        0x0 /tmp/ccY4XRQU.o
 .data          0x000000000000cf6c        0x0 /tmp/cch1x96U.o
 .data          0x000000000000cf6c        0x0 /tmp/ccRLcS8U.o
 .data          0x000000000000cf6c        0x0 /tmp/ccMdqYsU.o
 .data          0x000000000000cf6c        0x0 /home/user/opt/riscv/lib/gcc/riscv64-unknown-elf/11.1.0/../../../../riscv64-unknown-elf/lib/rv32im/ilp32/libm.a(lib_a-s_modf.o)
 .data          0x000000000000cf6c        0x0 /home/user/opt/riscv/lib/gcc/riscv64-unknown-elf/11.1.0/../../../../riscv64-unknown-elf/lib/rv32im/ilp32/libm.a(lib_a-s_fpclassify.o)
 .data          0x000000000000cf6c        0x0 /home/user/opt/riscv/lib/gcc/riscv64-unknown-elf/11.1.0/rv32im/ilp32/libgcc.a(adddf3.o)
 .data          0x000000000000cf6c        0x0 /home/user/opt/riscv/lib/gcc/riscv64-unknown-elf/11.1.0/rv32im/ilp32/libgcc.a(divdf3.o)
 .data          0x000000000000cf6c        0x0 /home/user/opt/riscv/lib/gcc/riscv64-unknown-elf/11.1.0/rv32im/ilp32/libgcc.a(eqdf2.o)
 .data          0x000000000000cf6c        0x0 /home/user/opt/riscv/lib/gcc/riscv64-unknown-elf/11.1.0/rv32im/ilp32/libgcc.a(gedf2.o)
 .data          0x000000000000cf6c        0x0 /home/user/opt/riscv/lib/gcc/riscv64-unknown-elf/11.1.0/rv32im/ilp32/libgcc.a(ledf2.o)
 .data          0x000000000000cf6c        0x0 /home/user/opt/riscv/lib/gcc/riscv64-unknown-elf/11.1.0/rv32im/ilp32/libgcc.a(muldf3.o)
 .data          0x000000000000cf6c        0x0 /home/user/opt/riscv/lib/gcc/riscv64-unknown-elf/11.1.0/rv32im/ilp32/libgcc.a(subdf3.o)
 .data          0x000000000000cf6c        0x0 /home/user/opt/riscv/lib/gcc/riscv64-unknown-elf/11.1.0/rv32im/ilp32/libgcc.a(fixdfsi.o)
 .data          0x000000000000cf6c        0x0 /home/user/opt/riscv/lib/gcc/riscv64-unknown-elf/11.1.0/rv32im/ilp32/libgcc.a(fixunsdfsi.o)
 .data          0x000000000000cf6c        0x0 /home/user/opt/riscv/lib/gcc/riscv64-unknown-elf/11.1.0/rv32im/ilp32/libgcc.a(floatunsidf.o)
 .data          0x000000000000cf6c        0x0 /home/user/opt/riscv/lib/gcc/riscv64-unknown-elf/11.1.0/rv32im/ilp32/libgcc.a(divsf3.o)
 .data          0x000000000000cf6c        0x0 /home/user/opt/riscv/lib/gcc/riscv64-unknown-elf/11.1.0/rv32im/ilp32/libgcc.a(floatunsisf.o)
 .data          0x000000000000cf6c        0x0 /home/user/opt/riscv/lib/gcc/riscv64-unknown-elf/11.1.0/rv32im/ilp32/libgcc.a(extendsfdf2.o)
 .data          0x000000000000cf6c        0x0 /home/user/opt/riscv/lib/gcc/riscv64-unknown-elf/11.1.0/rv32im/ilp32/libgcc.a(_clzsi2.o)
 .data          0x000000000000cf6c        0x0 /home/user/opt/riscv/lib/gcc/riscv64-unknown-elf/11.1.0/rv32im/ilp32/libgcc.a(_clz.o)
 *(.data.*)

.bss            0x000000000000cf70       0x78
                0x000000000000cf70                . = ALIGN (0x4)
                0x000000000000cf70                _bss_start = .
 *(.sbss)
 .sbss          0x000000000000cf70       0x14 /tmp/ccErWZeX.o
                0x000000000000cf78                seed5_volatile
                0x000000000000cf7c                seed2_volatile
                0x000000000000cf80                seed1_volatile
 *fill*         0x000000000000cf84        0x4 
 .sbss          0x000000000000cf88       0x10 /tmp/ccMdqYsU.o
                0x000000000000cf88                time_increment
                0x000000000000cf90                time_elapsed
 *(.sbss.*)
 *(.bss)
 .bss           0x000000000000cf98        0x0 /tmp/ccJ50j9T.o
 .bss           0x000000000000cf98        0x0 /tmp/ccK1xD9S.o
 .bss           0x000000000000cf98        0x0 /tmp/ccar8OeW.o
 .bss           0x000000000000cf98        0x0 /tmp/ccSqhYIV.o
 .bss           0x000000000000cf98        0x0 /tmp/ccp5YpxX.o
 .bss           0x000000000000cf98        0x0 /tmp/ccErWZeX.o
 .bss           0x000000000000cf98        0x0 /tmp/ccY4XRQU.o
 .bss           0x000000000000cf98       0x50 /tmp/cch1x96U.o
 .bss           0x000000000000cfe8        0x0 /tmp/ccRLcS8U.o
 .bss           0x000000000000cfe8        0x0 /tmp/ccMdqYsU.o
 .bss           0x000000000000cfe8        0x0 /home/user/opt/riscv/lib/gcc/riscv64-unknown-elf/11.1.0/../../../../riscv64-unknown-elf/lib/rv32im/ilp32/libm.a(lib_a-s_modf.o)
 .bss           0x000000000000cfe8        0x0 /home/user/opt/riscv/lib/gcc/riscv64-unknown-elf/11.1.0/../../../../riscv64-unknown-elf/lib/rv32im/ilp32/libm.a(lib_a-s_fpclassify.o)
 .bss           0x000000000000cfe8        0x0 /home/user/opt/riscv/lib/gcc/riscv64-unknown-elf/11.1.0/rv32im/ilp32/libgcc.a(adddf3.o)
 .bss           0x000000000000cfe8        0x0 /home/user/opt/riscv/lib/gcc/riscv64-unknown-elf/11.1.0/rv32im/ilp32/libgcc.a(divdf3.o)
 .bss           0x000000000000cfe8        0x0 /home/user/opt/riscv/lib/gcc/riscv64-unknown-elf/11.1.0/rv32im/ilp32/libgcc.a(eqdf2.o)
 .bss           0x000000000000cfe8        0x0 /home/user/opt/riscv/lib/gcc/riscv64-unknown-elf/11.1.0/rv32im/ilp32/libgcc.a(gedf2.o)
 .bss           0x000000000000cfe8        0x0 /home/user/opt/riscv/lib/gcc/riscv64-unknown-elf/11.1.0/rv32im/ilp32/libgcc.a(ledf2.o)
 .bss           0x000000000000cfe8        0x0 /home/user/opt/riscv/lib/gcc/riscv64-unknown-elf/11.1.0/rv32im/ilp32/libgcc.a(muldf3.o)
 .bss           0x000000000000cfe8        0x0 /home/user/opt/riscv/lib/gcc/riscv64-unknown-elf/11.1.0/rv32im/ilp32/libgcc.a(subdf3.o)
 .bss           0x000000000000cfe8        0x0 /home/user/opt/riscv/lib/gcc/riscv64-unknown-elf/11.1.0/rv32im/ilp32/libgcc.a(fixdfsi.o)
 .bss           0x000000000000cfe8        0x0 /home/user/opt/riscv/lib/gcc/riscv64-unknown-elf/11.1.0/rv32im/ilp32/libgcc.a(fixunsdfsi.o)
 .bss           0x000000000000cfe8        0x0 /home/user/opt/riscv/lib/gcc/riscv64-unknown-elf/11.1.0/rv32im/ilp32/libgcc.a(floatunsidf.o)
 .bss           0x000000000000cfe8        0x0 /home/user/opt/riscv/lib/gcc/riscv64-unknown-elf/11.1.0/rv32im/ilp32/libgcc.a(divsf3.o)
 .bss           0x000000000000cfe8        0x0 /home/user/opt/riscv/lib/gcc/riscv64-unknown-elf/11.1.0/rv32im/ilp32/libgcc.a(floatunsisf.o)
 .bss           0x000000000000cfe8        0x0 /home/user/opt/riscv/lib/gcc/riscv64-unknown-elf/11.1.0/rv32im/ilp32/libgcc.a(extendsfdf2.o)
 .bss           0x000000000000cfe8        0x0 /home/user/opt/riscv/lib/gcc/riscv64-unknown-elf/11.1.0/rv32im/ilp32/libgcc.a(_clzsi2.o)
 .bss           0x000000000000cfe8        0x0 /home/user/opt/riscv/lib/gcc/riscv64-unknown-elf/11.1.0/rv32im/ilp32/libgcc.a(_clz.o)
 *(.bss.*)
 *(COMMON)
                0x000000000000cfe8                _bss_end = .

.stack          0x00000000000f8000     0x2000
                0x00000000000f8000                . = ALIGN (0x4)
                0x00000000000fa000                . = (. + _min_stack)
 *fill*         0x00000000000f8000     0x2000 
                0x00000000000fa000                . = ALIGN (0x4)
                0x00000000000fa000                stack = .
                0x00000000000fa000                _stack = .
OUTPUT(/home/user/tests/ibex-instr/examples/sw/benchmarks/coremark/coremark.elf elf32-littleriscv)

.debug_info     0x0000000000000000     0x7f60
 .debug_info    0x0000000000000000     0x10d1 /tmp/ccJ50j9T.o
 .debug_info    0x00000000000010d1      0xd57 /tmp/ccK1xD9S.o
 .debug_info    0x0000000000001e28      0xab9 /tmp/ccar8OeW.o
 .debug_info    0x00000000000028e1      0x558 /tmp/ccSqhYIV.o
 .debug_info    0x0000000000002e39      0x53a /tmp/ccp5YpxX.o
 .debug_info    0x0000000000003373      0x612 /tmp/ccErWZeX.o
 .debug_info    0x0000000000003985      0xa5e /tmp/ccY4XRQU.o
 .debug_info    0x00000000000043e3      0x696 /tmp/cch1x96U.o
 .debug_info    0x0000000000004a79       0x23 /tmp/ccRLcS8U.o
 .debug_info    0x0000000000004a9c      0x794 /tmp/ccMdqYsU.o
 .debug_info    0x0000000000005230      0x4fc /home/user/opt/riscv/lib/gcc/riscv64-unknown-elf/11.1.0/rv32im/ilp32/libgcc.a(adddf3.o)
 .debug_info    0x000000000000572c      0x684 /home/user/opt/riscv/lib/gcc/riscv64-unknown-elf/11.1.0/rv32im/ilp32/libgcc.a(divdf3.o)
 .debug_info    0x0000000000005db0      0x221 /home/user/opt/riscv/lib/gcc/riscv64-unknown-elf/11.1.0/rv32im/ilp32/libgcc.a(eqdf2.o)
 .debug_info    0x0000000000005fd1      0x21e /home/user/opt/riscv/lib/gcc/riscv64-unknown-elf/11.1.0/rv32im/ilp32/libgcc.a(gedf2.o)
 .debug_info    0x00000000000061ef      0x21e /home/user/opt/riscv/lib/gcc/riscv64-unknown-elf/11.1.0/rv32im/ilp32/libgcc.a(ledf2.o)
 .debug_info    0x000000000000640d      0x6b6 /home/user/opt/riscv/lib/gcc/riscv64-unknown-elf/11.1.0/rv32im/ilp32/libgcc.a(muldf3.o)
 .debug_info    0x0000000000006ac3      0x4fc /home/user/opt/riscv/lib/gcc/riscv64-unknown-elf/11.1.0/rv32im/ilp32/libgcc.a(subdf3.o)
 .debug_info    0x0000000000006fbf      0x1ca /home/user/opt/riscv/lib/gcc/riscv64-unknown-elf/11.1.0/rv32im/ilp32/libgcc.a(fixdfsi.o)
 .debug_info    0x0000000000007189      0x1ad /home/user/opt/riscv/lib/gcc/riscv64-unknown-elf/11.1.0/rv32im/ilp32/libgcc.a(fixunsdfsi.o)
 .debug_info    0x0000000000007336      0x25d /home/user/opt/riscv/lib/gcc/riscv64-unknown-elf/11.1.0/rv32im/ilp32/libgcc.a(floatunsidf.o)
 .debug_info    0x0000000000007593      0x358 /home/user/opt/riscv/lib/gcc/riscv64-unknown-elf/11.1.0/rv32im/ilp32/libgcc.a(divsf3.o)
 .debug_info    0x00000000000078eb      0x207 /home/user/opt/riscv/lib/gcc/riscv64-unknown-elf/11.1.0/rv32im/ilp32/libgcc.a(floatunsisf.o)
 .debug_info    0x0000000000007af2      0x254 /home/user/opt/riscv/lib/gcc/riscv64-unknown-elf/11.1.0/rv32im/ilp32/libgcc.a(extendsfdf2.o)
 .debug_info    0x0000000000007d46      0x142 /home/user/opt/riscv/lib/gcc/riscv64-unknown-elf/11.1.0/rv32im/ilp32/libgcc.a(_clzsi2.o)
 .debug_info    0x0000000000007e88       0xd8 /home/user/opt/riscv/lib/gcc/riscv64-unknown-elf/11.1.0/rv32im/ilp32/libgcc.a(_clz.o)

.debug_abbrev   0x0000000000000000     0x2851
 .debug_abbrev  0x0000000000000000      0x2f5 /tmp/ccJ50j9T.o
 .debug_abbrev  0x00000000000002f5      0x23d /tmp/ccK1xD9S.o
 .debug_abbrev  0x0000000000000532      0x235 /tmp/ccar8OeW.o
 .debug_abbrev  0x0000000000000767      0x219 /tmp/ccSqhYIV.o
 .debug_abbrev  0x0000000000000980      0x1c8 /tmp/ccp5YpxX.o
 .debug_abbrev  0x0000000000000b48      0x2b7 /tmp/ccErWZeX.o
 .debug_abbrev  0x0000000000000dff      0x309 /tmp/ccY4XRQU.o
 .debug_abbrev  0x0000000000001108      0x12e /tmp/cch1x96U.o
 .debug_abbrev  0x0000000000001236       0x12 /tmp/ccRLcS8U.o
 .debug_abbrev  0x0000000000001248      0x27a /tmp/ccMdqYsU.o
 .debug_abbrev  0x00000000000014c2      0x176 /home/user/opt/riscv/lib/gcc/riscv64-unknown-elf/11.1.0/rv32im/ilp32/libgcc.a(adddf3.o)
 .debug_abbrev  0x0000000000001638      0x173 /home/user/opt/riscv/lib/gcc/riscv64-unknown-elf/11.1.0/rv32im/ilp32/libgcc.a(divdf3.o)
 .debug_abbrev  0x00000000000017ab      0x153 /home/user/opt/riscv/lib/gcc/riscv64-unknown-elf/11.1.0/rv32im/ilp32/libgcc.a(eqdf2.o)
 .debug_abbrev  0x00000000000018fe      0x166 /home/user/opt/riscv/lib/gcc/riscv64-unknown-elf/11.1.0/rv32im/ilp32/libgcc.a(gedf2.o)
 .debug_abbrev  0x0000000000001a64      0x166 /home/user/opt/riscv/lib/gcc/riscv64-unknown-elf/11.1.0/rv32im/ilp32/libgcc.a(ledf2.o)
 .debug_abbrev  0x0000000000001bca      0x185 /home/user/opt/riscv/lib/gcc/riscv64-unknown-elf/11.1.0/rv32im/ilp32/libgcc.a(muldf3.o)
 .debug_abbrev  0x0000000000001d4f      0x176 /home/user/opt/riscv/lib/gcc/riscv64-unknown-elf/11.1.0/rv32im/ilp32/libgcc.a(subdf3.o)
 .debug_abbrev  0x0000000000001ec5      0x15d /home/user/opt/riscv/lib/gcc/riscv64-unknown-elf/11.1.0/rv32im/ilp32/libgcc.a(fixdfsi.o)
 .debug_abbrev  0x0000000000002022      0x162 /home/user/opt/riscv/lib/gcc/riscv64-unknown-elf/11.1.0/rv32im/ilp32/libgcc.a(fixunsdfsi.o)
 .debug_abbrev  0x0000000000002184      0x163 /home/user/opt/riscv/lib/gcc/riscv64-unknown-elf/11.1.0/rv32im/ilp32/libgcc.a(floatunsidf.o)
 .debug_abbrev  0x00000000000022e7      0x141 /home/user/opt/riscv/lib/gcc/riscv64-unknown-elf/11.1.0/rv32im/ilp32/libgcc.a(divsf3.o)
 .debug_abbrev  0x0000000000002428      0x194 /home/user/opt/riscv/lib/gcc/riscv64-unknown-elf/11.1.0/rv32im/ilp32/libgcc.a(floatunsisf.o)
 .debug_abbrev  0x00000000000025bc      0x15b /home/user/opt/riscv/lib/gcc/riscv64-unknown-elf/11.1.0/rv32im/ilp32/libgcc.a(extendsfdf2.o)
 .debug_abbrev  0x0000000000002717       0xca /home/user/opt/riscv/lib/gcc/riscv64-unknown-elf/11.1.0/rv32im/ilp32/libgcc.a(_clzsi2.o)
 .debug_abbrev  0x00000000000027e1       0x70 /home/user/opt/riscv/lib/gcc/riscv64-unknown-elf/11.1.0/rv32im/ilp32/libgcc.a(_clz.o)

.debug_loclists
                0x0000000000000000    0x10635
 .debug_loclists
                0x0000000000000000     0x27b9 /tmp/ccJ50j9T.o
 .debug_loclists
                0x00000000000027b9      0x5a9 /tmp/ccK1xD9S.o
 .debug_loclists
                0x0000000000002d62     0x1aeb /tmp/ccar8OeW.o
 .debug_loclists
                0x000000000000484d      0x9ff /tmp/ccSqhYIV.o
 .debug_loclists
                0x000000000000524c     0x1395 /tmp/ccp5YpxX.o
 .debug_loclists
                0x00000000000065e1      0x1b1 /tmp/ccErWZeX.o
 .debug_loclists
                0x0000000000006792     0x3740 /tmp/ccY4XRQU.o
 .debug_loclists
                0x0000000000009ed2      0x9cc /tmp/cch1x96U.o
 .debug_loclists
                0x000000000000a89e      0xea7 /tmp/ccMdqYsU.o
 .debug_loclists
                0x000000000000b745     0x10c2 /home/user/opt/riscv/lib/gcc/riscv64-unknown-elf/11.1.0/rv32im/ilp32/libgcc.a(adddf3.o)
 .debug_loclists
                0x000000000000c807     0x10de /home/user/opt/riscv/lib/gcc/riscv64-unknown-elf/11.1.0/rv32im/ilp32/libgcc.a(divdf3.o)
 .debug_loclists
                0x000000000000d8e5       0xb2 /home/user/opt/riscv/lib/gcc/riscv64-unknown-elf/11.1.0/rv32im/ilp32/libgcc.a(eqdf2.o)
 .debug_loclists
                0x000000000000d997      0x117 /home/user/opt/riscv/lib/gcc/riscv64-unknown-elf/11.1.0/rv32im/ilp32/libgcc.a(gedf2.o)
 .debug_loclists
                0x000000000000daae      0x117 /home/user/opt/riscv/lib/gcc/riscv64-unknown-elf/11.1.0/rv32im/ilp32/libgcc.a(ledf2.o)
 .debug_loclists
                0x000000000000dbc5      0xc5a /home/user/opt/riscv/lib/gcc/riscv64-unknown-elf/11.1.0/rv32im/ilp32/libgcc.a(muldf3.o)
 .debug_loclists
                0x000000000000e81f     0x10df /home/user/opt/riscv/lib/gcc/riscv64-unknown-elf/11.1.0/rv32im/ilp32/libgcc.a(subdf3.o)
 .debug_loclists
                0x000000000000f8fe      0x167 /home/user/opt/riscv/lib/gcc/riscv64-unknown-elf/11.1.0/rv32im/ilp32/libgcc.a(fixdfsi.o)
 .debug_loclists
                0x000000000000fa65       0xdc /home/user/opt/riscv/lib/gcc/riscv64-unknown-elf/11.1.0/rv32im/ilp32/libgcc.a(fixunsdfsi.o)
 .debug_loclists
                0x000000000000fb41      0x137 /home/user/opt/riscv/lib/gcc/riscv64-unknown-elf/11.1.0/rv32im/ilp32/libgcc.a(floatunsidf.o)
 .debug_loclists
                0x000000000000fc78      0x64c /home/user/opt/riscv/lib/gcc/riscv64-unknown-elf/11.1.0/rv32im/ilp32/libgcc.a(divsf3.o)
 .debug_loclists
                0x00000000000102c4      0x140 /home/user/opt/riscv/lib/gcc/riscv64-unknown-elf/11.1.0/rv32im/ilp32/libgcc.a(floatunsisf.o)
 .debug_loclists
                0x0000000000010404      0x1cf /home/user/opt/riscv/lib/gcc/riscv64-unknown-elf/11.1.0/rv32im/ilp32/libgcc.a(extendsfdf2.o)
 .debug_loclists
                0x00000000000105d3       0x62 /home/user/opt/riscv/lib/gcc/riscv64-unknown-elf/11.1.0/rv32im/ilp32/libgcc.a(_clzsi2.o)

.debug_aranges  0x0000000000000000      0x328
 .debug_aranges
                0x0000000000000000       0x20 /tmp/ccJ50j9T.o
 .debug_aranges
                0x0000000000000020       0x28 /tmp/ccK1xD9S.o
 .debug_aranges
                0x0000000000000048       0x20 /tmp/ccar8OeW.o
 .debug_aranges
                0x0000000000000068       0x20 /tmp/ccSqhYIV.o
 .debug_aranges
                0x0000000000000088       0x20 /tmp/ccp5YpxX.o
 .debug_aranges
                0x00000000000000a8       0x20 /tmp/ccErWZeX.o
 .debug_aranges
                0x00000000000000c8       0x20 /tmp/ccY4XRQU.o
 .debug_aranges
                0x00000000000000e8       0x20 /tmp/cch1x96U.o
 .debug_aranges
                0x0000000000000108       0x28 /tmp/ccRLcS8U.o
 .debug_aranges
                0x0000000000000130       0x20 /tmp/ccMdqYsU.o
 .debug_aranges
                0x0000000000000150       0x20 /home/user/opt/riscv/lib/gcc/riscv64-unknown-elf/11.1.0/rv32im/ilp32/libgcc.a(adddf3.o)
 .debug_aranges
                0x0000000000000170       0x20 /home/user/opt/riscv/lib/gcc/riscv64-unknown-elf/11.1.0/rv32im/ilp32/libgcc.a(divdf3.o)
 .debug_aranges
                0x0000000000000190       0x20 /home/user/opt/riscv/lib/gcc/riscv64-unknown-elf/11.1.0/rv32im/ilp32/libgcc.a(eqdf2.o)
 .debug_aranges
                0x00000000000001b0       0x20 /home/user/opt/riscv/lib/gcc/riscv64-unknown-elf/11.1.0/rv32im/ilp32/libgcc.a(gedf2.o)
 .debug_aranges
                0x00000000000001d0       0x20 /home/user/opt/riscv/lib/gcc/riscv64-unknown-elf/11.1.0/rv32im/ilp32/libgcc.a(ledf2.o)
 .debug_aranges
                0x00000000000001f0       0x20 /home/user/opt/riscv/lib/gcc/riscv64-unknown-elf/11.1.0/rv32im/ilp32/libgcc.a(muldf3.o)
 .debug_aranges
                0x0000000000000210       0x20 /home/user/opt/riscv/lib/gcc/riscv64-unknown-elf/11.1.0/rv32im/ilp32/libgcc.a(subdf3.o)
 .debug_aranges
                0x0000000000000230       0x20 /home/user/opt/riscv/lib/gcc/riscv64-unknown-elf/11.1.0/rv32im/ilp32/libgcc.a(fixdfsi.o)
 .debug_aranges
                0x0000000000000250       0x20 /home/user/opt/riscv/lib/gcc/riscv64-unknown-elf/11.1.0/rv32im/ilp32/libgcc.a(fixunsdfsi.o)
 .debug_aranges
                0x0000000000000270       0x20 /home/user/opt/riscv/lib/gcc/riscv64-unknown-elf/11.1.0/rv32im/ilp32/libgcc.a(floatunsidf.o)
 .debug_aranges
                0x0000000000000290       0x20 /home/user/opt/riscv/lib/gcc/riscv64-unknown-elf/11.1.0/rv32im/ilp32/libgcc.a(divsf3.o)
 .debug_aranges
                0x00000000000002b0       0x20 /home/user/opt/riscv/lib/gcc/riscv64-unknown-elf/11.1.0/rv32im/ilp32/libgcc.a(floatunsisf.o)
 .debug_aranges
                0x00000000000002d0       0x20 /home/user/opt/riscv/lib/gcc/riscv64-unknown-elf/11.1.0/rv32im/ilp32/libgcc.a(extendsfdf2.o)
 .debug_aranges
                0x00000000000002f0       0x20 /home/user/opt/riscv/lib/gcc/riscv64-unknown-elf/11.1.0/rv32im/ilp32/libgcc.a(_clzsi2.o)
 .debug_aranges
                0x0000000000000310       0x18 /home/user/opt/riscv/lib/gcc/riscv64-unknown-elf/11.1.0/rv32im/ilp32/libgcc.a(_clz.o)

.debug_rnglists
                0x0000000000000000     0x2159
 .debug_rnglists
                0x0000000000000000      0x420 /tmp/ccJ50j9T.o
 .debug_rnglists
                0x0000000000000420       0xb2 /tmp/ccK1xD9S.o
 .debug_rnglists
                0x00000000000004d2      0x2c4 /tmp/ccar8OeW.o
 .debug_rnglists
                0x0000000000000796      0x227 /tmp/ccSqhYIV.o
 .debug_rnglists
                0x00000000000009bd      0x12d /tmp/ccp5YpxX.o
 .debug_rnglists
                0x0000000000000aea       0x3b /tmp/ccErWZeX.o
 .debug_rnglists
                0x0000000000000b25      0x217 /tmp/ccY4XRQU.o
 .debug_rnglists
                0x0000000000000d3c       0x1b /tmp/ccRLcS8U.o
 .debug_rnglists
                0x0000000000000d57      0x950 /tmp/ccMdqYsU.o
 .debug_rnglists
                0x00000000000016a7      0x22e /home/user/opt/riscv/lib/gcc/riscv64-unknown-elf/11.1.0/rv32im/ilp32/libgcc.a(adddf3.o)
 .debug_rnglists
                0x00000000000018d5      0x16f /home/user/opt/riscv/lib/gcc/riscv64-unknown-elf/11.1.0/rv32im/ilp32/libgcc.a(divdf3.o)
 .debug_rnglists
                0x0000000000001a44       0x4d /home/user/opt/riscv/lib/gcc/riscv64-unknown-elf/11.1.0/rv32im/ilp32/libgcc.a(eqdf2.o)
 .debug_rnglists
                0x0000000000001a91       0x4e /home/user/opt/riscv/lib/gcc/riscv64-unknown-elf/11.1.0/rv32im/ilp32/libgcc.a(gedf2.o)
 .debug_rnglists
                0x0000000000001adf       0x4e /home/user/opt/riscv/lib/gcc/riscv64-unknown-elf/11.1.0/rv32im/ilp32/libgcc.a(ledf2.o)
 .debug_rnglists
                0x0000000000001b2d      0x1dd /home/user/opt/riscv/lib/gcc/riscv64-unknown-elf/11.1.0/rv32im/ilp32/libgcc.a(muldf3.o)
 .debug_rnglists
                0x0000000000001d0a      0x22e /home/user/opt/riscv/lib/gcc/riscv64-unknown-elf/11.1.0/rv32im/ilp32/libgcc.a(subdf3.o)
 .debug_rnglists
                0x0000000000001f38       0x1f /home/user/opt/riscv/lib/gcc/riscv64-unknown-elf/11.1.0/rv32im/ilp32/libgcc.a(fixdfsi.o)
 .debug_rnglists
                0x0000000000001f57       0x28 /home/user/opt/riscv/lib/gcc/riscv64-unknown-elf/11.1.0/rv32im/ilp32/libgcc.a(fixunsdfsi.o)
 .debug_rnglists
                0x0000000000001f7f       0x6a /home/user/opt/riscv/lib/gcc/riscv64-unknown-elf/11.1.0/rv32im/ilp32/libgcc.a(floatunsidf.o)
 .debug_rnglists
                0x0000000000001fe9       0xbf /home/user/opt/riscv/lib/gcc/riscv64-unknown-elf/11.1.0/rv32im/ilp32/libgcc.a(divsf3.o)
 .debug_rnglists
                0x00000000000020a8       0x4e /home/user/opt/riscv/lib/gcc/riscv64-unknown-elf/11.1.0/rv32im/ilp32/libgcc.a(floatunsisf.o)
 .debug_rnglists
                0x00000000000020f6       0x3b /home/user/opt/riscv/lib/gcc/riscv64-unknown-elf/11.1.0/rv32im/ilp32/libgcc.a(extendsfdf2.o)
 .debug_rnglists
                0x0000000000002131       0x28 /home/user/opt/riscv/lib/gcc/riscv64-unknown-elf/11.1.0/rv32im/ilp32/libgcc.a(_clzsi2.o)

.debug_line     0x0000000000000000    0x20ca0
 .debug_line    0x0000000000000000     0x378e /tmp/ccJ50j9T.o
 .debug_line    0x000000000000378e     0x1771 /tmp/ccK1xD9S.o
 .debug_line    0x0000000000004eff     0x6381 /tmp/ccar8OeW.o
 .debug_line    0x000000000000b280     0x21bf /tmp/ccSqhYIV.o
 .debug_line    0x000000000000d43f     0x2475 /tmp/ccp5YpxX.o
 .debug_line    0x000000000000f8b4      0x3ff /tmp/ccErWZeX.o
 .debug_line    0x000000000000fcb3     0x7588 /tmp/ccY4XRQU.o
 .debug_line    0x000000000001723b     0x13d1 /tmp/cch1x96U.o
 .debug_line    0x000000000001860c      0x187 /tmp/ccRLcS8U.o
 .debug_line    0x0000000000018793     0x2ad6 /tmp/ccMdqYsU.o
 .debug_line    0x000000000001b269      0xff9 /home/user/opt/riscv/lib/gcc/riscv64-unknown-elf/11.1.0/rv32im/ilp32/libgcc.a(adddf3.o)
 .debug_line    0x000000000001c262      0xf42 /home/user/opt/riscv/lib/gcc/riscv64-unknown-elf/11.1.0/rv32im/ilp32/libgcc.a(divdf3.o)
 .debug_line    0x000000000001d1a4      0x227 /home/user/opt/riscv/lib/gcc/riscv64-unknown-elf/11.1.0/rv32im/ilp32/libgcc.a(eqdf2.o)
 .debug_line    0x000000000001d3cb      0x2bc /home/user/opt/riscv/lib/gcc/riscv64-unknown-elf/11.1.0/rv32im/ilp32/libgcc.a(gedf2.o)
 .debug_line    0x000000000001d687      0x2bc /home/user/opt/riscv/lib/gcc/riscv64-unknown-elf/11.1.0/rv32im/ilp32/libgcc.a(ledf2.o)
 .debug_line    0x000000000001d943      0xda9 /home/user/opt/riscv/lib/gcc/riscv64-unknown-elf/11.1.0/rv32im/ilp32/libgcc.a(muldf3.o)
 .debug_line    0x000000000001e6ec     0x1054 /home/user/opt/riscv/lib/gcc/riscv64-unknown-elf/11.1.0/rv32im/ilp32/libgcc.a(subdf3.o)
 .debug_line    0x000000000001f740      0x1eb /home/user/opt/riscv/lib/gcc/riscv64-unknown-elf/11.1.0/rv32im/ilp32/libgcc.a(fixdfsi.o)
 .debug_line    0x000000000001f92b      0x179 /home/user/opt/riscv/lib/gcc/riscv64-unknown-elf/11.1.0/rv32im/ilp32/libgcc.a(fixunsdfsi.o)
 .debug_line    0x000000000001faa4      0x241 /home/user/opt/riscv/lib/gcc/riscv64-unknown-elf/11.1.0/rv32im/ilp32/libgcc.a(floatunsidf.o)
 .debug_line    0x000000000001fce5      0x846 /home/user/opt/riscv/lib/gcc/riscv64-unknown-elf/11.1.0/rv32im/ilp32/libgcc.a(divsf3.o)
 .debug_line    0x000000000002052b      0x2f2 /home/user/opt/riscv/lib/gcc/riscv64-unknown-elf/11.1.0/rv32im/ilp32/libgcc.a(floatunsisf.o)
 .debug_line    0x000000000002081d      0x379 /home/user/opt/riscv/lib/gcc/riscv64-unknown-elf/11.1.0/rv32im/ilp32/libgcc.a(extendsfdf2.o)
 .debug_line    0x0000000000020b96       0xcb /home/user/opt/riscv/lib/gcc/riscv64-unknown-elf/11.1.0/rv32im/ilp32/libgcc.a(_clzsi2.o)
 .debug_line    0x0000000000020c61       0x3f /home/user/opt/riscv/lib/gcc/riscv64-unknown-elf/11.1.0/rv32im/ilp32/libgcc.a(_clz.o)

.debug_str      0x0000000000000000     0x120a
 .debug_str     0x0000000000000000      0x401 /tmp/ccJ50j9T.o
                                        0x474 (size before relaxing)
 .debug_str     0x0000000000000401      0x19c /tmp/ccK1xD9S.o
                                        0x445 (size before relaxing)
 .debug_str     0x000000000000059d       0x9d /tmp/ccar8OeW.o
                                        0x278 (size before relaxing)
 .debug_str     0x000000000000063a      0x10a /tmp/ccSqhYIV.o
                                        0x2e2 (size before relaxing)
 .debug_str     0x0000000000000744       0x5e /tmp/ccp5YpxX.o
                                        0x22a (size before relaxing)
 .debug_str     0x00000000000007a2       0xce /tmp/ccErWZeX.o
                                        0x37b (size before relaxing)
 .debug_str     0x0000000000000870      0x10f /tmp/ccY4XRQU.o
                                        0x2bb (size before relaxing)
 .debug_str     0x000000000000097f       0x48 /tmp/cch1x96U.o
                                        0x1e5 (size before relaxing)
 .debug_str     0x00000000000009c7       0x47 /tmp/ccRLcS8U.o
 .debug_str     0x0000000000000a0e      0x127 /tmp/ccMdqYsU.o
                                        0x2b1 (size before relaxing)
 .debug_str     0x0000000000000b35      0x212 /home/user/opt/riscv/lib/gcc/riscv64-unknown-elf/11.1.0/rv32im/ilp32/libgcc.a(adddf3.o)
                                        0x2a1 (size before relaxing)
 .debug_str     0x0000000000000d47      0x1a8 /home/user/opt/riscv/lib/gcc/riscv64-unknown-elf/11.1.0/rv32im/ilp32/libgcc.a(divdf3.o)
                                        0x363 (size before relaxing)
 .debug_str     0x0000000000000eef       0x27 /home/user/opt/riscv/lib/gcc/riscv64-unknown-elf/11.1.0/rv32im/ilp32/libgcc.a(eqdf2.o)
                                        0x1b3 (size before relaxing)
 .debug_str     0x0000000000000f16       0x2c /home/user/opt/riscv/lib/gcc/riscv64-unknown-elf/11.1.0/rv32im/ilp32/libgcc.a(gedf2.o)
                                        0x1d7 (size before relaxing)
 .debug_str     0x0000000000000f42        0x8 /home/user/opt/riscv/lib/gcc/riscv64-unknown-elf/11.1.0/rv32im/ilp32/libgcc.a(ledf2.o)
                                        0x1d7 (size before relaxing)
 .debug_str     0x0000000000000f4a      0x125 /home/user/opt/riscv/lib/gcc/riscv64-unknown-elf/11.1.0/rv32im/ilp32/libgcc.a(muldf3.o)
                                        0x3bb (size before relaxing)
 .debug_str     0x000000000000106f        0x9 /home/user/opt/riscv/lib/gcc/riscv64-unknown-elf/11.1.0/rv32im/ilp32/libgcc.a(subdf3.o)
                                        0x2a1 (size before relaxing)
 .debug_str     0x0000000000001078       0x1b /home/user/opt/riscv/lib/gcc/riscv64-unknown-elf/11.1.0/rv32im/ilp32/libgcc.a(fixdfsi.o)
                                        0x1ae (size before relaxing)
 .debug_str     0x0000000000001093      0x1aa /home/user/opt/riscv/lib/gcc/riscv64-unknown-elf/11.1.0/rv32im/ilp32/libgcc.a(fixunsdfsi.o)
 .debug_str     0x0000000000001093       0x2d /home/user/opt/riscv/lib/gcc/riscv64-unknown-elf/11.1.0/rv32im/ilp32/libgcc.a(floatunsidf.o)
                                        0x246 (size before relaxing)
 .debug_str     0x00000000000010c0       0xe0 /home/user/opt/riscv/lib/gcc/riscv64-unknown-elf/11.1.0/rv32im/ilp32/libgcc.a(divsf3.o)
                                        0x2ce (size before relaxing)
 .debug_str     0x00000000000011a0       0x15 /home/user/opt/riscv/lib/gcc/riscv64-unknown-elf/11.1.0/rv32im/ilp32/libgcc.a(floatunsisf.o)
                                        0x227 (size before relaxing)
 .debug_str     0x00000000000011b5        0xd /home/user/opt/riscv/lib/gcc/riscv64-unknown-elf/11.1.0/rv32im/ilp32/libgcc.a(extendsfdf2.o)
                                        0x1d7 (size before relaxing)
 .debug_str     0x00000000000011c2       0x48 /home/user/opt/riscv/lib/gcc/riscv64-unknown-elf/11.1.0/rv32im/ilp32/libgcc.a(_clzsi2.o)
                                        0x1b1 (size before relaxing)
 .debug_str     0x000000000000120a      0x194 /home/user/opt/riscv/lib/gcc/riscv64-unknown-elf/11.1.0/rv32im/ilp32/libgcc.a(_clz.o)

.debug_line_str
                0x0000000000000000      0x6e6
 .debug_line_str
                0x0000000000000000       0x9d /tmp/ccJ50j9T.o
                                         0xf1 (size before relaxing)
 .debug_line_str
                0x000000000000009d        0xc /tmp/ccK1xD9S.o
                                         0xe2 (size before relaxing)
 .debug_line_str
                0x00000000000000a9        0xe /tmp/ccar8OeW.o
                                         0xe8 (size before relaxing)
 .debug_line_str
                0x00000000000000b7        0xd /tmp/ccSqhYIV.o
                                         0xe5 (size before relaxing)
 .debug_line_str
                0x00000000000000c4        0xc /tmp/ccp5YpxX.o
                                         0xd7 (size before relaxing)
 .debug_line_str
                0x00000000000000d0      0x118 /tmp/ccErWZeX.o
                                        0x233 (size before relaxing)
 .debug_line_str
                0x00000000000001e8       0x9f /tmp/ccY4XRQU.o
                                        0x1e9 (size before relaxing)
 .debug_line_str
                0x0000000000000287       0x56 /tmp/cch1x96U.o
                                         0xd2 (size before relaxing)
 .debug_line_str
                0x00000000000002dd        0x7 /tmp/ccRLcS8U.o
                                         0x5c (size before relaxing)
 .debug_line_str
                0x00000000000002e4       0x4b /tmp/ccMdqYsU.o
                                        0x16b (size before relaxing)
 .debug_line_str
                0x000000000000032f       0xc9 /home/user/opt/riscv/lib/gcc/riscv64-unknown-elf/11.1.0/rv32im/ilp32/libgcc.a(adddf3.o)
                                        0x168 (size before relaxing)
 .debug_line_str
                0x00000000000003f8       0x3d /home/user/opt/riscv/lib/gcc/riscv64-unknown-elf/11.1.0/rv32im/ilp32/libgcc.a(divdf3.o)
                                        0x172 (size before relaxing)
 .debug_line_str
                0x0000000000000435       0x40 /home/user/opt/riscv/lib/gcc/riscv64-unknown-elf/11.1.0/rv32im/ilp32/libgcc.a(eqdf2.o)
                                        0x175 (size before relaxing)
 .debug_line_str
                0x0000000000000475       0x32 /home/user/opt/riscv/lib/gcc/riscv64-unknown-elf/11.1.0/rv32im/ilp32/libgcc.a(gedf2.o)
                                        0x175 (size before relaxing)
 .debug_line_str
                0x00000000000004a7       0x32 /home/user/opt/riscv/lib/gcc/riscv64-unknown-elf/11.1.0/rv32im/ilp32/libgcc.a(ledf2.o)
                                        0x175 (size before relaxing)
 .debug_line_str
                0x00000000000004d9       0x33 /home/user/opt/riscv/lib/gcc/riscv64-unknown-elf/11.1.0/rv32im/ilp32/libgcc.a(muldf3.o)
                                        0x172 (size before relaxing)
 .debug_line_str
                0x000000000000050c       0x33 /home/user/opt/riscv/lib/gcc/riscv64-unknown-elf/11.1.0/rv32im/ilp32/libgcc.a(subdf3.o)
                                        0x168 (size before relaxing)
 .debug_line_str
                0x000000000000053f       0x34 /home/user/opt/riscv/lib/gcc/riscv64-unknown-elf/11.1.0/rv32im/ilp32/libgcc.a(fixdfsi.o)
                                        0x175 (size before relaxing)
 .debug_line_str
                0x0000000000000573       0x37 /home/user/opt/riscv/lib/gcc/riscv64-unknown-elf/11.1.0/rv32im/ilp32/libgcc.a(fixunsdfsi.o)
                                        0x17e (size before relaxing)
 .debug_line_str
                0x00000000000005aa       0x38 /home/user/opt/riscv/lib/gcc/riscv64-unknown-elf/11.1.0/rv32im/ilp32/libgcc.a(floatunsidf.o)
                                        0x181 (size before relaxing)
 .debug_line_str
                0x00000000000005e2       0x3c /home/user/opt/riscv/lib/gcc/riscv64-unknown-elf/11.1.0/rv32im/ilp32/libgcc.a(divsf3.o)
                                        0x168 (size before relaxing)
 .debug_line_str
                0x000000000000061e       0x38 /home/user/opt/riscv/lib/gcc/riscv64-unknown-elf/11.1.0/rv32im/ilp32/libgcc.a(floatunsisf.o)
                                        0x181 (size before relaxing)
 .debug_line_str
                0x0000000000000656       0x38 /home/user/opt/riscv/lib/gcc/riscv64-unknown-elf/11.1.0/rv32im/ilp32/libgcc.a(extendsfdf2.o)
                                        0x180 (size before relaxing)
 .debug_line_str
                0x000000000000068e       0x58 /home/user/opt/riscv/lib/gcc/riscv64-unknown-elf/11.1.0/rv32im/ilp32/libgcc.a(_clzsi2.o)
                                        0x154 (size before relaxing)
 .debug_line_str
                0x00000000000006e6      0x154 /home/user/opt/riscv/lib/gcc/riscv64-unknown-elf/11.1.0/rv32im/ilp32/libgcc.a(_clz.o)

.comment        0x0000000000000000       0x12
 .comment       0x0000000000000000       0x12 /tmp/ccJ50j9T.o
                                         0x13 (size before relaxing)
 .comment       0x0000000000000012       0x13 /tmp/ccK1xD9S.o
 .comment       0x0000000000000012       0x13 /tmp/ccar8OeW.o
 .comment       0x0000000000000012       0x13 /tmp/ccSqhYIV.o
 .comment       0x0000000000000012       0x13 /tmp/ccp5YpxX.o
 .comment       0x0000000000000012       0x13 /tmp/ccErWZeX.o
 .comment       0x0000000000000012       0x13 /tmp/ccY4XRQU.o
 .comment       0x0000000000000012       0x13 /tmp/cch1x96U.o
 .comment       0x0000000000000012       0x13 /tmp/ccMdqYsU.o
 .comment       0x0000000000000012       0x13 /home/user/opt/riscv/lib/gcc/riscv64-unknown-elf/11.1.0/../../../../riscv64-unknown-elf/lib/rv32im/ilp32/libm.a(lib_a-s_modf.o)
 .comment       0x0000000000000012       0x13 /home/user/opt/riscv/lib/gcc/riscv64-unknown-elf/11.1.0/../../../../riscv64-unknown-elf/lib/rv32im/ilp32/libm.a(lib_a-s_fpclassify.o)
 .comment       0x0000000000000012       0x13 /home/user/opt/riscv/lib/gcc/riscv64-unknown-elf/11.1.0/rv32im/ilp32/libgcc.a(adddf3.o)
 .comment       0x0000000000000012       0x13 /home/user/opt/riscv/lib/gcc/riscv64-unknown-elf/11.1.0/rv32im/ilp32/libgcc.a(divdf3.o)
 .comment       0x0000000000000012       0x13 /home/user/opt/riscv/lib/gcc/riscv64-unknown-elf/11.1.0/rv32im/ilp32/libgcc.a(eqdf2.o)
 .comment       0x0000000000000012       0x13 /home/user/opt/riscv/lib/gcc/riscv64-unknown-elf/11.1.0/rv32im/ilp32/libgcc.a(gedf2.o)
 .comment       0x0000000000000012       0x13 /home/user/opt/riscv/lib/gcc/riscv64-unknown-elf/11.1.0/rv32im/ilp32/libgcc.a(ledf2.o)
 .comment       0x0000000000000012       0x13 /home/user/opt/riscv/lib/gcc/riscv64-unknown-elf/11.1.0/rv32im/ilp32/libgcc.a(muldf3.o)
 .comment       0x0000000000000012       0x13 /home/user/opt/riscv/lib/gcc/riscv64-unknown-elf/11.1.0/rv32im/ilp32/libgcc.a(subdf3.o)
 .comment       0x0000000000000012       0x13 /home/user/opt/riscv/lib/gcc/riscv64-unknown-elf/11.1.0/rv32im/ilp32/libgcc.a(fixdfsi.o)
 .comment       0x0000000000000012       0x13 /home/user/opt/riscv/lib/gcc/riscv64-unknown-elf/11.1.0/rv32im/ilp32/libgcc.a(fixunsdfsi.o)
 .comment       0x0000000000000012       0x13 /home/user/opt/riscv/lib/gcc/riscv64-unknown-elf/11.1.0/rv32im/ilp32/libgcc.a(floatunsidf.o)
 .comment       0x0000000000000012       0x13 /home/user/opt/riscv/lib/gcc/riscv64-unknown-elf/11.1.0/rv32im/ilp32/libgcc.a(divsf3.o)
 .comment       0x0000000000000012       0x13 /home/user/opt/riscv/lib/gcc/riscv64-unknown-elf/11.1.0/rv32im/ilp32/libgcc.a(floatunsisf.o)
 .comment       0x0000000000000012       0x13 /home/user/opt/riscv/lib/gcc/riscv64-unknown-elf/11.1.0/rv32im/ilp32/libgcc.a(extendsfdf2.o)
 .comment       0x0000000000000012       0x13 /home/user/opt/riscv/lib/gcc/riscv64-unknown-elf/11.1.0/rv32im/ilp32/libgcc.a(_clzsi2.o)
 .comment       0x0000000000000012       0x13 /home/user/opt/riscv/lib/gcc/riscv64-unknown-elf/11.1.0/rv32im/ilp32/libgcc.a(_clz.o)

.riscv.attributes
                0x0000000000000000       0x2a
 .riscv.attributes
                0x0000000000000000       0x26 /tmp/ccJ50j9T.o
 .riscv.attributes
                0x0000000000000026       0x26 /tmp/ccK1xD9S.o
 .riscv.attributes
                0x000000000000004c       0x26 /tmp/ccar8OeW.o
 .riscv.attributes
                0x0000000000000072       0x26 /tmp/ccSqhYIV.o
 .riscv.attributes
                0x0000000000000098       0x26 /tmp/ccp5YpxX.o
 .riscv.attributes
                0x00000000000000be       0x2a /tmp/ccErWZeX.o
 .riscv.attributes
                0x00000000000000e8       0x26 /tmp/ccY4XRQU.o
 .riscv.attributes
                0x000000000000010e       0x26 /tmp/cch1x96U.o
 .riscv.attributes
                0x0000000000000134       0x28 /tmp/ccRLcS8U.o
 .riscv.attributes
                0x000000000000015c       0x2a /tmp/ccMdqYsU.o
 .riscv.attributes
                0x0000000000000186       0x21 /home/user/opt/riscv/lib/gcc/riscv64-unknown-elf/11.1.0/../../../../riscv64-unknown-elf/lib/rv32im/ilp32/libm.a(lib_a-s_modf.o)
 .riscv.attributes
                0x00000000000001a7       0x21 /home/user/opt/riscv/lib/gcc/riscv64-unknown-elf/11.1.0/../../../../riscv64-unknown-elf/lib/rv32im/ilp32/libm.a(lib_a-s_fpclassify.o)
 .riscv.attributes
                0x00000000000001c8       0x21 /home/user/opt/riscv/lib/gcc/riscv64-unknown-elf/11.1.0/rv32im/ilp32/libgcc.a(adddf3.o)
 .riscv.attributes
                0x00000000000001e9       0x21 /home/user/opt/riscv/lib/gcc/riscv64-unknown-elf/11.1.0/rv32im/ilp32/libgcc.a(divdf3.o)
 .riscv.attributes
                0x000000000000020a       0x21 /home/user/opt/riscv/lib/gcc/riscv64-unknown-elf/11.1.0/rv32im/ilp32/libgcc.a(eqdf2.o)
 .riscv.attributes
                0x000000000000022b       0x21 /home/user/opt/riscv/lib/gcc/riscv64-unknown-elf/11.1.0/rv32im/ilp32/libgcc.a(gedf2.o)
 .riscv.attributes
                0x000000000000024c       0x21 /home/user/opt/riscv/lib/gcc/riscv64-unknown-elf/11.1.0/rv32im/ilp32/libgcc.a(ledf2.o)
 .riscv.attributes
                0x000000000000026d       0x21 /home/user/opt/riscv/lib/gcc/riscv64-unknown-elf/11.1.0/rv32im/ilp32/libgcc.a(muldf3.o)
 .riscv.attributes
                0x000000000000028e       0x21 /home/user/opt/riscv/lib/gcc/riscv64-unknown-elf/11.1.0/rv32im/ilp32/libgcc.a(subdf3.o)
 .riscv.attributes
                0x00000000000002af       0x21 /home/user/opt/riscv/lib/gcc/riscv64-unknown-elf/11.1.0/rv32im/ilp32/libgcc.a(fixdfsi.o)
 .riscv.attributes
                0x00000000000002d0       0x21 /home/user/opt/riscv/lib/gcc/riscv64-unknown-elf/11.1.0/rv32im/ilp32/libgcc.a(fixunsdfsi.o)
 .riscv.attributes
                0x00000000000002f1       0x21 /home/user/opt/riscv/lib/gcc/riscv64-unknown-elf/11.1.0/rv32im/ilp32/libgcc.a(floatunsidf.o)
 .riscv.attributes
                0x0000000000000312       0x21 /home/user/opt/riscv/lib/gcc/riscv64-unknown-elf/11.1.0/rv32im/ilp32/libgcc.a(divsf3.o)
 .riscv.attributes
                0x0000000000000333       0x21 /home/user/opt/riscv/lib/gcc/riscv64-unknown-elf/11.1.0/rv32im/ilp32/libgcc.a(floatunsisf.o)
 .riscv.attributes
                0x0000000000000354       0x21 /home/user/opt/riscv/lib/gcc/riscv64-unknown-elf/11.1.0/rv32im/ilp32/libgcc.a(extendsfdf2.o)
 .riscv.attributes
                0x0000000000000375       0x21 /home/user/opt/riscv/lib/gcc/riscv64-unknown-elf/11.1.0/rv32im/ilp32/libgcc.a(_clzsi2.o)
 .riscv.attributes
                0x0000000000000396       0x21 /home/user/opt/riscv/lib/gcc/riscv64-unknown-elf/11.1.0/rv32im/ilp32/libgcc.a(_clz.o)

.debug_frame    0x0000000000000000      0xb80
 .debug_frame   0x0000000000000000      0x1a0 /tmp/ccJ50j9T.o
 .debug_frame   0x00000000000001a0       0x98 /tmp/ccK1xD9S.o
 .debug_frame   0x0000000000000238      0x1f4 /tmp/ccar8OeW.o
 .debug_frame   0x000000000000042c       0x84 /tmp/ccSqhYIV.o
 .debug_frame   0x00000000000004b0       0x70 /tmp/ccp5YpxX.o
 .debug_frame   0x0000000000000520      0x114 /tmp/ccErWZeX.o
 .debug_frame   0x0000000000000634       0x90 /tmp/ccY4XRQU.o
 .debug_frame   0x00000000000006c4       0xa0 /tmp/cch1x96U.o
 .debug_frame   0x0000000000000764      0x13c /tmp/ccMdqYsU.o
 .debug_frame   0x00000000000008a0       0x44 /home/user/opt/riscv/lib/gcc/riscv64-unknown-elf/11.1.0/rv32im/ilp32/libgcc.a(adddf3.o)
 .debug_frame   0x00000000000008e4       0x58 /home/user/opt/riscv/lib/gcc/riscv64-unknown-elf/11.1.0/rv32im/ilp32/libgcc.a(divdf3.o)
 .debug_frame   0x000000000000093c       0x20 /home/user/opt/riscv/lib/gcc/riscv64-unknown-elf/11.1.0/rv32im/ilp32/libgcc.a(eqdf2.o)
 .debug_frame   0x000000000000095c       0x20 /home/user/opt/riscv/lib/gcc/riscv64-unknown-elf/11.1.0/rv32im/ilp32/libgcc.a(gedf2.o)
 .debug_frame   0x000000000000097c       0x20 /home/user/opt/riscv/lib/gcc/riscv64-unknown-elf/11.1.0/rv32im/ilp32/libgcc.a(ledf2.o)
 .debug_frame   0x000000000000099c       0x54 /home/user/opt/riscv/lib/gcc/riscv64-unknown-elf/11.1.0/rv32im/ilp32/libgcc.a(muldf3.o)
 .debug_frame   0x00000000000009f0       0x44 /home/user/opt/riscv/lib/gcc/riscv64-unknown-elf/11.1.0/rv32im/ilp32/libgcc.a(subdf3.o)
 .debug_frame   0x0000000000000a34       0x20 /home/user/opt/riscv/lib/gcc/riscv64-unknown-elf/11.1.0/rv32im/ilp32/libgcc.a(fixdfsi.o)
 .debug_frame   0x0000000000000a54       0x20 /home/user/opt/riscv/lib/gcc/riscv64-unknown-elf/11.1.0/rv32im/ilp32/libgcc.a(fixunsdfsi.o)
 .debug_frame   0x0000000000000a74       0x34 /home/user/opt/riscv/lib/gcc/riscv64-unknown-elf/11.1.0/rv32im/ilp32/libgcc.a(floatunsidf.o)
 .debug_frame   0x0000000000000aa8       0x4c /home/user/opt/riscv/lib/gcc/riscv64-unknown-elf/11.1.0/rv32im/ilp32/libgcc.a(divsf3.o)
 .debug_frame   0x0000000000000af4       0x34 /home/user/opt/riscv/lib/gcc/riscv64-unknown-elf/11.1.0/rv32im/ilp32/libgcc.a(floatunsisf.o)
 .debug_frame   0x0000000000000b28       0x38 /home/user/opt/riscv/lib/gcc/riscv64-unknown-elf/11.1.0/rv32im/ilp32/libgcc.a(extendsfdf2.o)
 .debug_frame   0x0000000000000b60       0x20 /home/user/opt/riscv/lib/gcc/riscv64-unknown-elf/11.1.0/rv32im/ilp32/libgcc.a(_clzsi2.o)
